// Jest Snapshot v1, https://goo.gl/fbAQLP

exports[`it renders correctly should match an AdvancedSettingsModal snapshot 1`] = `
<Modal
  animationType="slide"
  hardwareAccelerated={false}
  onRequestClose={[MockFunction]}
  visible={true}
>
  <View
    style={
      Object {
        "backgroundColor": "#2A9D8F",
        "paddingBottom": 10,
        "paddingTop": 15,
        "shadowColor": "#000",
        "shadowOffset": Object {
          "height": 1,
        },
        "shadowOpacity": 0.18,
        "shadowRadius": 0.9,
        "zIndex": 5,
      }
    }
  >
    <Text
      style={
        Object {
          "color": "#ffffff",
          "fontSize": 16,
          "fontWeight": "normal",
          "paddingVertical": 5,
          "textAlign": "center",
        }
      }
    >
      Advanced Options
    </Text>
  </View>
  <View
    onLayout={[Function]}
    style={
      Array [
        Object {
          "backgroundColor": "#f4f4f4",
          "flex": 1,
        },
        Object {
          "paddingBottom": 0,
        },
      ]
    }
  >
    <View
      style={
        Object {
          "flex": 1,
        }
      }
    >
      <Text
        style={
          Object {
            "color": "#444",
            "fontSize": 14,
            "fontWeight": "bold",
            "marginBottom": 5,
            "paddingHorizontal": 5,
            "paddingTop": 10,
          }
        }
      >
        Privacy Settings
      </Text>
      <View
        style={
          Object {
            "backgroundColor": "#fff",
            "borderTopColor": "#dedede",
            "borderTopWidth": 1,
            "flex": 0,
          }
        }
      >
        <View
          accessible={true}
          isTVSelectable={true}
          onResponderGrant={[Function]}
          onResponderMove={[Function]}
          onResponderRelease={[Function]}
          onResponderTerminate={[Function]}
          onResponderTerminationRequest={[Function]}
          onStartShouldSetResponder={[Function]}
          style={
            Object {
              "alignItems": "center",
              "borderBottomColor": "#dedede",
              "borderBottomWidth": 1,
              "flex": 0,
              "flexDirection": "row",
              "minHeight": 60,
              "opacity": 1,
              "padding": 5,
            }
          }
        >
          <View
            style={
              Object {
                "flex": 1,
                "flexDirection": "column",
                "paddingVertical": 5,
              }
            }
          >
            <Text
              style={
                Array [
                  Object {
                    "color": "#444",
                    "flex": 0,
                    "fontWeight": "bold",
                  },
                  Object {
                    "flex": 1,
                  },
                ]
              }
            >
              Mark comments as private
            </Text>
            <Text
              style={
                Object {
                  "color": "#999",
                  "flex": 1,
                  "flexDirection": "column",
                  "flexWrap": "wrap",
                }
              }
            >
              Will be shared publicly
            </Text>
          </View>
          <Text
            style={
              Object {
                "alignItems": "center",
                "color": "#aaa",
                "flex": 0,
                "justifyContent": "center",
                "width": 40,
              }
            }
          >
            <Text
              allowFontScaling={false}
              style={
                Array [
                  Object {
                    "color": "#aaa",
                    "fontSize": 20,
                  },
                  undefined,
                  Object {
                    "fontFamily": "Ionicons",
                    "fontStyle": "normal",
                    "fontWeight": "normal",
                  },
                  Object {},
                ]
              }
            >
              
            </Text>
          </Text>
        </View>
        <View
          accessible={true}
          isTVSelectable={true}
          onResponderGrant={[Function]}
          onResponderMove={[Function]}
          onResponderRelease={[Function]}
          onResponderTerminate={[Function]}
          onResponderTerminationRequest={[Function]}
          onStartShouldSetResponder={[Function]}
          style={
            Object {
              "alignItems": "center",
              "borderBottomColor": "#dedede",
              "borderBottomWidth": 1,
              "flex": 0,
              "flexDirection": "row",
              "minHeight": 60,
              "opacity": 1,
              "padding": 5,
            }
          }
        >
          <View
            style={
              Object {
                "flex": 1,
                "flexDirection": "column",
                "paddingVertical": 5,
              }
            }
          >
            <Text
              style={
                Array [
                  Object {
                    "color": "#444",
                    "flex": 0,
                    "fontWeight": "bold",
                  },
                  Object {
                    "flex": 1,
                  },
                ]
              }
            >
              Mark observation as private
            </Text>
            <Text
              style={
                Object {
                  "color": "#999",
                  "flex": 1,
                  "flexDirection": "column",
                  "flexWrap": "wrap",
                }
              }
            >
              Will be shared publicly
            </Text>
          </View>
          <Text
            style={
              Object {
                "alignItems": "center",
                "color": "#aaa",
                "flex": 0,
                "justifyContent": "center",
                "width": 40,
              }
            }
          >
            <Text
              allowFontScaling={false}
              style={
                Array [
                  Object {
                    "color": "#aaa",
                    "fontSize": 20,
                  },
                  undefined,
                  Object {
                    "fontFamily": "Ionicons",
                    "fontStyle": "normal",
                    "fontWeight": "normal",
                  },
                  Object {},
                ]
              }
            >
              
            </Text>
          </Text>
        </View>
      </View>
    </View>
    <View
      style={
        Object {
          "alignItems": "flex-end",
          "backgroundColor": "#eee",
          "borderTopColor": "#dedede",
          "borderTopWidth": 1,
          "height": 40,
          "justifyContent": "center",
          "paddingBottom": 0,
          "paddingHorizontal": 10,
        }
      }
    >
      <View
        accessible={true}
        isTVSelectable={true}
        onResponderGrant={[Function]}
        onResponderMove={[Function]}
        onResponderRelease={[Function]}
        onResponderTerminate={[Function]}
        onResponderTerminationRequest={[Function]}
        onStartShouldSetResponder={[Function]}
        style={
          Object {
            "opacity": 1,
          }
        }
      >
        <Text
          style={
            Object {
              "color": "#2A9D8F",
              "fontSize": 14,
              "fontWeight": "bold",
            }
          }
        >
          DONE
        </Text>
      </View>
    </View>
  </View>
</Modal>
`;
